<html>
<body>
<pre>
<h1>µVision Build Log</h1>
<h2>Tool Versions:</h2>
IDE-Version: ¦ÌVision V5.25.3.0
Copyright (C) 2018 ARM Ltd and ARM Germany GmbH. All rights reserved.
License Information: 111 LinYFeng, 222, LIC=S5ISZ-JVWDH-24HSS-LUGTD-TM53S-BU9YX
 
Tool Versions:
Toolchain:       MDK-ARM Professional  Version: 5.18
Toolchain Path:  D:\Keil_v5\ARM\ARMCC\Bin
C Compiler:      Armcc.exe V5.06 update 1 (build 61)
Assembler:       Armasm.exe V5.06 update 1 (build 61)
Linker/Locator:  ArmLink.exe V5.06 update 1 (build 61)
Library Manager: ArmAr.exe V5.06 update 1 (build 61)
Hex Converter:   FromElf.exe V5.06 update 1 (build 61)
CPU DLL:         SARMCM3.DLL V5.18
Dialog DLL:      DCM.DLL V1.13.6.0
Target DLL:      STLink\ST-LINKIII-KEIL_SWO.dll V2.0.18.0
Dialog DLL:      TCM.DLL V1.14.8.0
 
<h2>Project:</h2>
C:\Users\LinYFeng\Desktop\tmotor-Ê÷Ý®ÅÉ-Ñ²º½»ú-·É¿Ø£¨¸Ä¹ý£©\32-tmotor-Ê÷Ý®ÅÉ-Ñ²º½»ú\BirdFlight_V2.0\BirdFlight_V2.0\BirdFlight_V2.0\Project\BirdFlight_V2.0.uvprojx
Project File Date:  07/14/2023

<h2>Output:</h2>
*** Using Compiler 'V5.06 update 1 (build 61)', folder: 'D:\Keil_v5\ARM\ARMCC\Bin'
Rebuild target 'BirdFlight_V2.0'
assembling startup_stm32f40_41xxx.s...
compiling misc.c...
compiling stm32f4xx_usart.c...
compiling system_stm32f4xx.c...
compiling stm32f4xx_gpio.c...
compiling stm32f4xx_spi.c...
compiling stm32f4xx_rcc.c...
compiling stm32f4xx_tim.c...
compiling stm32f4xx_exti.c...
compiling explore_system.c...
compiling stm32f4xx_adc.c...
compiling stm32f4xx_dma.c...
compiling stm32f4xx_syscfg.c...
compiling stm32f4xx_flash.c...
assembling cpu_a.asm...
compiling cpu_c.c...
compiling lib_ascii.c...
compiling lib_math.c...
compiling cpu_core.c...
assembling lib_mem_a.asm...
compiling lib_mem.c...
compiling os_cfg_app.c...
compiling lib_str.c...
compiling os_core.c...
compiling os_dbg.c...
compiling explore_systick.c...
compiling os_int.c...
compiling bsp.c...
compiling os_mem.c...
compiling os_flag.c...
compiling os_msg.c...
compiling os_pend_multi.c...
compiling os_mutex.c...
compiling os_prio.c...
compiling os_q.c...
compiling os_sem.c...
compiling os_stat.c...
compiling os_tick.c...
compiling os_time.c...
assembling os_cpu_a.asm...
compiling os_task.c...
compiling os_tmr.c...
compiling os_var.c...
compiling os_app_hooks.c...
compiling stm32f4xx_it.c...
compiling MPU6500.c...
compiling os_cpu_c.c...
compiling SPI3.c...
compiling stm32f4xx_main.c...
compiling Task.c...
compiling IMU_AHRS.c...
compiling LSM303D.c...
compiling Timer5_Timing.c...
compiling mcpwm.c...
compiling Adc_Battery.c...
compiling Flash.c...
compiling General_Gpio.c...
compiling Bluetooth.c...
compiling Usart3toBluetooth.c...
compiling MS5611.c...
compiling PPM.c...
compiling i2c.c...
compiling Uart4toTOF.c...
compiling TofMiniPlus.c...
compiling Usart1toT265.c...
compiling Usart6toFlow.c...
compiling Attitude_control.c...
compiling PID_control.c...
compiling Position_control.c...
compiling Type_conversion.c...
compiling Limits.c...
compiling Data_PC.c...
compiling digital_filter.c...
compiling Visiondata_deal.c...
compiling t265_deal.c...
..\Parameter\t265_deal.c(38): warning:  #177-D: variable "RotateZ" was declared but never referenced
  	float RotateX,RotateY,RotateZ =0;
..\Parameter\t265_deal.c: 1 warning, 0 errors
compiling Flow_deal.c...
..\Parameter\Flow_deal.c(21): warning:  #177-D: variable "Check_sum" was declared but never referenced
  	uint8_t Check_sum = 0;	
..\Parameter\Flow_deal.c: 1 warning, 0 errors
compiling Data_deal.c...
compiling MathTool.c...
compiling Matrix.c...
compiling SimpleDigitalFiltering.c...
compiling MahonyAHRS.c...
compiling PositionEstimation.c...
compiling ExtensionalKalmanFilter.c...
compiling Calibrate.c...
compiling matrix3.c...
linking...
Program Size: Code=68852 RO-data=1652 RW-data=500 ZI-data=51628  
FromELF: creating hex file...
"..\Output\betaflight_4.1.0_TMOTORF4" - 0 Error(s), 2 Warning(s).

<h2>Software Packages used:</h2>

Package Vendor: Keil
                http://www.keil.com/pack/Keil.STM32F4xx_DFP.2.7.0.pack
                Keil.STM32F4xx_DFP.2.7.0
                STMicroelectronics STM32F4 Series Device Support, Drivers and Examples

<h2>Collection of Component include folders:</h2>
  .\RTE\_BirdFlight_V2.0
  D:\Keil_v5\ARM\PACK\Keil\STM32F4xx_DFP\2.7.0\Drivers\CMSIS\Device\ST\STM32F4xx\Include

<h2>Collection of Component Files used:</h2>
Build Time Elapsed:  00:00:09
</pre>
</body>
</html>
